# عينة من الأسطر المتجاهلة (أول 100)
# التاريخ: 2026-09-22 03:43:03 UTC

# This hosts file is brought to you by Mitchell Krog
# You are free to copy and distribute this file for non-commercial uses,
# as long the original URL and attribution is included.
# Please forward any additions, corrections or comments by logging an issue at
##### Version Information #
###################################################
### Version: V1.2021.01.5816
##### Version Information ##
# Use this file to prevent your computer or server from connecting to selected
# internet hosts. This is an easy and effective way to protect you from
# many types of spyware, adware, malware, click-jacking and porn sites and reduces
# bandwidth use.
# The file should be named "hosts" NOT "hosts.txt"
# For Linux based Operating systems place this file at "/etc/hosts"
# For Windows based systems this is placed either at
# C:\windows\system32\drivers\etc\hosts
# or C:\Windows\System32\drivers\etc\hosts
# START HOSTS LIST ### DO NOT EDIT THIS LINE AT ALL ###
# END HOSTS LIST ### DO NOT EDIT THIS LINE AT ALL ###
#
# firehol_level1
#
# ipv4 hash:net ipset
#
# A firewall blacklist composed from IP lists, providing 
# maximum protection with minimum false positives. Suitable 
# for basic protection on all internet facing servers, 
# routers and firewalls. (includes: dshield feodo fullbogons 
# spamhaus_drop)
#
# Maintainer      : FireHOL
# Maintainer URL  : http://iplists.firehol.org/
# List source URL : 
# Source File Date: Mon Sep 21 04:44:38 UTC 2026
#
# Category        : attacks
# Version         : 32893
#
# This File Date  : Mon Sep 21 04:52:56 UTC 2026
# Update Frequency: 1 min 
# Aggregation     : none
# Entries         : 3955 subnets, 611143105 unique IPs
#
# Full list analysis, including geolocation map, history,
# retention policy, overlaps with other lists, etc.
# available at:
#
#  http://iplists.firehol.org/?ipset=firehol_level1
#
# Generated by FireHOL's update-ipsets.sh
# Processed with FireHOL's iprange
#
# Title: Smart-TV Blocklist for Pi-hole
# Version: 13July2023v1
# Description: This is a blocklist to block smart-TVs sending metadata back home, sometimes with the added benefit of blocking interface ads for apps and movie services.
# Please help with collecting domains!
# It could occur that the TV fails to receive new updates, or that other apps or services no longer work. Please report such an incident.
# Make sure to also use the extra RegEx list at https://perflyst.github.io/PiHoleBlocklist/regex.list, which helps remove regional LG ad domains among other things.
# Panasonic Viera & panny tv
#mhc-ajax-eu.myhomescreen.tv # internet connection test
#mhc-ajax-eu-s2.myhomescreen.tv # internet connection test
#mhc-ajax-us.myhomescreen.tv # internet connection test
#mhc-eu.myhomescreen.tv # required for internet connectivity
#mhc-us.myhomescreen.tv # required for internet connectivity
#mhc-xpana-eu.myhomescreen.tv # required to start apps
#mhc-xpana-eu-s2.myhomescreen.tv # required to start apps
#mhc-xpana-us.myhomescreen.tv # required to start apps
#vcs.vdspf.com  //  if blocked, notified of new firmware but unable to download/install
# Sony Bravia
# needed for applications
# needed for applications, if blocked error "no internet connection"
#applicast.ga.sony.net
#portal.store.sonyentertainmentnetwork.com
#reg.biv.sony.tv # https://github.com/notracking/hosts-blocklists/issues/384
#service.biv.sony.tv # https://github.com/notracking/hosts-blocklists/issues/384
#ssm1.internet.sony.tv # https://github.com/notracking/hosts-blocklists/issues/384
#ssm2.internet.sony.tv # https://github.com/notracking/hosts-blocklists/issues/384
#ssm3.internet.sony.tv # https://github.com/notracking/hosts-blocklists/issues/384
#update.biv.sony.tv # required for updates
#platform.cid.samba.tv #See Toshiba
# LG
#ngfts.lge.com # blocks thumbnails from loading in the LG Content Store
#us.lgtvsdp.com # #117
# Gamers Nexus - LG Smart TV spying
# Gamers Nexus - LG Smart TV spying - Non-US nextlgsdp.com country codes
# Philips
#deviceportal.nettvservices.com # needed for apps
#epg.corio.com # needed for apps
#www.ecdinterface.philips.com # Philips Hue Bridge
# Samsung
#acr0.samsungcloudsolution.com # https://www.reddit.com/r/oisd_blocklist/comments/m6j6fg/oisd_domain_blocklist/h3hulvq
#configprd.samsungcloudsolution.net # https://oisd.nl/excludes.php?w=configprd.samsungcloudsolution.net
#dev-multiscreen.samsung.com # https://raw.githubusercontent.com/notracking/hosts-blocklists-scripts/master/hostnames.whitelist.txt
#gpm.samsungqbe.com # Numerous connection problems, e.g. #82
#multiscreen.samsung.com # https://raw.githubusercontent.com/notracking/hosts-blocklists-scripts/master/hostnames.whitelist.txt
#samsungrm.net # https://raw.githubusercontent.com/notracking/hosts-blocklists-scripts/master/hostnames.whitelist.txt
# https://github.com/Perflyst/PiHoleBlocklist/issues/112
#auth.samsungosp.com # if blocked, samsung accounts will fail to authenticate
#cdn.samsungcloudsolution.com # System update check on Samsung UE40F5500
#infolink.pavv.co.kr # Needed for appstore and login on Samsung UE40F5500
